// Jest Snapshot v1, https://goo.gl/fbAQLP

exports[`UserDocumentsSelectionList should render UserDocumentsSelectionContainer correctly 1`] = `
<div
  className="user_documents_selection_container"
>
  <UserDocumentsSelectionList
    applicationUserDocuments={
      Array [
        Object {
          "dateUploaded": "2018/01/01 01:23:45A",
          "documentName": "Document Name 1",
          "downloadUrl": "downloadUrl1",
          "userDocumentId": "firstDocumentId",
        },
        Object {
          "dateUploaded": "2018/02/02 01:23:45A",
          "documentName": "Document Name 2",
          "downloadUrl": "downloadUrl2",
          "userDocumentId": "secondDocumentId",
        },
      ]
    }
    userDocuments={
      Array [
        Object {
          "dateUploaded": "2018/01/01 01:23:45A",
          "documentName": "Document Name 1",
          "downloadUrl": "downloadUrl1",
          "userDocumentId": "firstDocumentId",
        },
        Object {
          "dateUploaded": "2018/02/02 01:23:45A",
          "documentName": "Document Name 2",
          "downloadUrl": "downloadUrl2",
          "userDocumentId": "secondDocumentId",
        },
      ]
    }
  />
</div>
`;
