// Jest Snapshot v1, https://goo.gl/fbAQLP

exports[`UserDocumentsPage should render UserDocumentsPage correctly 1`] = `
<div
  id="user_documents_page"
>
  <Connect(UserDocumentsContainer) />
</div>
`;
