// Jest Snapshot v1, https://goo.gl/fbAQLP

exports[`PositionListItem should render PositionListItem correctly 1`] = `
<div
  className="position_list_item"
  onClick={[Function]}
>
  <div
    className="position_list_item__content"
  >
    <div
      className="position_list_item__title"
    >
      first title
    </div>
    <div
      className="position_list_item__job_id"
    >
      Job Id: 
      first job id
    </div>
  </div>
  <div
    className="position_list_item__location"
  >
    first location
  </div>
</div>
`;
