// Jest Snapshot v1, https://goo.gl/fbAQLP

exports[`PositionsPage should render PositionsPage correctly 1`] = `
<div
  className="positions_page"
>
  <Connect(PositionsContainer) />
</div>
`;
