// Jest Snapshot v1, https://goo.gl/fbAQLP

exports[`UserProfilePage should render UserProfilePage correctly 1`] = `
<div
  id="user_profile_page"
>
  <Connect(UserProfileContainer) />
</div>
`;
