// Jest Snapshot v1, https://goo.gl/fbAQLP

exports[`PositionWatchAddWidget should render PositionWatchAddWidget correctly 1`] = `
<div
  className="position_watch_add_widget"
>
  <div
    className="position_watch_add_widget__select_wrapper"
  >
    <div
      className="position_watch_add_widget__title"
    >
      NotificationÂ Level:
    </div>
    <div
      className="position_watch_add_widget__select"
    >
      <select
        className="select"
        onChange={[Function]}
        value="NONE"
      >
        <option
          value="ALL"
        >
          ALL
        </option>
        <option
          value="SOME"
        >
          SOME
        </option>
        <option
          value="REQUIRED"
        >
          REQUIRED
        </option>
        <option
          value="NONE"
        >
          NONE
        </option>
      </select>
    </div>
  </div>
</div>
`;
