// Jest Snapshot v1, https://goo.gl/fbAQLP

exports[`DashboardPage should render DashboardPage correctly 1`] = `
<div
  id="dashboard_page"
>
  DashboardPage
</div>
`;
