// Jest Snapshot v1, https://goo.gl/fbAQLP

exports[`ApplicationPage should render ApplicationPage correctly 1`] = `
<div
  className="application_page"
>
  <Connect(ApplicationProcessContainer) />
</div>
`;
