// Jest Snapshot v1, https://goo.gl/fbAQLP

exports[`ApplicantsListItem should render ApplicantsListItem correctly 1`] = `
<div
  className="applicants_list_item"
  onClick={[Function]}
>
  <div
    className="applicants_list_item__content"
  >
    <div
      className="applicants_list_item__display_name"
    />
    <div
      className="applicants_list_item__legal_name"
    >
      ,Â 
    </div>
  </div>
</div>
`;
